============================= test session starts ==============================
platform linux -- Python 3.11.6, pytest-9.0.2, pluggy-1.6.0 -- /home/me-linux3/miniforge3/envs/calpop/bin/python
cachedir: .pytest_cache
rootdir: /home/me-linux3/projects/sponsor_dashboard3/server
plugins: anyio-4.1.0
collecting ... collected 5 items

tests/test_assignment_service.py::test_create_assignment PASSED          [ 20%]
tests/test_assignment_service.py::test_list_assignments PASSED           [ 40%]
tests/test_letter_service.py::test_create_letter PASSED                  [ 60%]
tests/test_letter_service.py::test_add_version PASSED                    [ 80%]
tests/test_letter_service.py::test_update_letter PASSED                  [100%]

=============================== warnings summary ===============================
../../../miniforge3/envs/calpop/lib/python3.11/site-packages/pydantic/_internal/_config.py:323
../../../miniforge3/envs/calpop/lib/python3.11/site-packages/pydantic/_internal/_config.py:323
../../../miniforge3/envs/calpop/lib/python3.11/site-packages/pydantic/_internal/_config.py:323
../../../miniforge3/envs/calpop/lib/python3.11/site-packages/pydantic/_internal/_config.py:323
../../../miniforge3/envs/calpop/lib/python3.11/site-packages/pydantic/_internal/_config.py:323
../../../miniforge3/envs/calpop/lib/python3.11/site-packages/pydantic/_internal/_config.py:323
../../../miniforge3/envs/calpop/lib/python3.11/site-packages/pydantic/_internal/_config.py:323
../../../miniforge3/envs/calpop/lib/python3.11/site-packages/pydantic/_internal/_config.py:323
../../../miniforge3/envs/calpop/lib/python3.11/site-packages/pydantic/_internal/_config.py:323
  /home/me-linux3/miniforge3/envs/calpop/lib/python3.11/site-packages/pydantic/_internal/_config.py:323: PydanticDeprecatedSince20: Support for class-based `config` is deprecated, use ConfigDict instead. Deprecated in Pydantic V2.0 to be removed in V3.0. See Pydantic V2 Migration Guide at https://errors.pydantic.dev/2.11/migration/
    warnings.warn(DEPRECATION_MESSAGE, DeprecationWarning)

<frozen importlib._bootstrap>:283
  <frozen importlib._bootstrap>:283: DeprecationWarning: the load_module() method is deprecated and slated for removal in Python 3.12; use exec_module() instead

tests/test_assignment_service.py::test_create_assignment
tests/test_assignment_service.py::test_list_assignments
tests/test_letter_service.py::test_create_letter
tests/test_letter_service.py::test_add_version
tests/test_letter_service.py::test_update_letter
  /home/me-linux3/projects/sponsor_dashboard3/server/tests/conftest.py:29: SAWarning: Can't sort tables for DROP; an unresolvable foreign key dependency exists between tables: letter, letterversion, submission, submissionversion; and backend does not support ALTER.  To restore at least a partial sort, apply use_alter=True to ForeignKey and ForeignKeyConstraint objects involved in the cycle to mark these as known cycles that will be ignored.
    Base.metadata.drop_all(bind=engine)

-- Docs: https://docs.pytest.org/en/stable/how-to/capture-warnings.html
======================== 5 passed, 15 warnings in 0.12s ========================
